Assuming unrestricted shared filesystem usage.
host: 2d84c2f2dcda
Building DAG of jobs...
Using shell: /usr/bin/bash
Provided cores: 1 (use --cores to define parallelism)
Rules claiming more threads will be scaled down.
Job stats:
job             count
------------  -------
all                 1
deseq2              1
fastp               1
report              1
salmon_index        1
salmon_quant        1
tximport            1
total               7

Select jobs to execute...
Execute 1 jobs...
[Sat Jan 31 05:12:21 2026]
localrule salmon_index:
    input: /app/tests/data/transcripts.fa, /app/tests/data/genome.fa
    output: /app/out/salmon/index/index.done
    jobid: 5
    reason: Code has changed since last execution
    resources: tmpdir=/tmp
[Sat Jan 31 05:12:22 2026]
Finished jobid: 5 (Rule: salmon_index)
1 of 7 steps (14%) done
Select jobs to execute...
Execute 1 jobs...
[Sat Jan 31 05:12:22 2026]
localrule fastp:
    input: /app/tests/data/sample.fastq
    output: /app/out/fastp/sample1.fastq, /app/out/fastp/sample1.json, /app/out/fastp/sample1.html
    jobid: 6
    reason: Code has changed since last execution
    wildcards: sample=sample1
    resources: tmpdir=/tmp
[Sat Jan 31 05:12:22 2026]
Finished jobid: 6 (Rule: fastp)
2 of 7 steps (29%) done
Select jobs to execute...
Execute 1 jobs...
[Sat Jan 31 05:12:22 2026]
localrule salmon_quant:
    input: /app/out/salmon/index/index.done, /app/out/fastp/sample1.fastq
    output: /app/out/salmon/sample1/quant.sf
    jobid: 4
    reason: Input files updated by another job: /app/out/salmon/index/index.done, /app/out/fastp/sample1.fastq
    wildcards: sample=sample1
    resources: tmpdir=/tmp
[Sat Jan 31 05:12:22 2026]
Finished jobid: 4 (Rule: salmon_quant)
3 of 7 steps (43%) done
Select jobs to execute...
Execute 1 jobs...
[Sat Jan 31 05:12:22 2026]
localrule tximport:
    input: /app/out/salmon/sample1/quant.sf
    output: /app/out/tximport/txi.tsv
    jobid: 3
    reason: Input files updated by another job: /app/out/salmon/sample1/quant.sf
    resources: tmpdir=/tmp
[Sat Jan 31 05:12:22 2026]
Finished jobid: 3 (Rule: tximport)
4 of 7 steps (57%) done
Select jobs to execute...
Execute 1 jobs...
[Sat Jan 31 05:12:22 2026]
localrule deseq2:
    input: /app/out/tximport/txi.tsv
    output: /app/out/deseq2/results.tsv
    jobid: 2
    reason: Input files updated by another job: /app/out/tximport/txi.tsv
    resources: tmpdir=/tmp
[Sat Jan 31 05:12:22 2026]
Finished jobid: 2 (Rule: deseq2)
5 of 7 steps (71%) done
Select jobs to execute...
Execute 1 jobs...
[Sat Jan 31 05:12:22 2026]
localrule report:
    input: /app/out/deseq2/results.tsv
    output: /app/out/report/report.html
    jobid: 1
    reason: Input files updated by another job: /app/out/deseq2/results.tsv
    resources: tmpdir=/tmp
[Sat Jan 31 05:12:23 2026]
Finished jobid: 1 (Rule: report)
6 of 7 steps (86%) done
Select jobs to execute...
Execute 1 jobs...
[Sat Jan 31 05:12:23 2026]
localrule all:
    input: /app/out/report/report.html, /app/out/deseq2/results.tsv, /app/out/tximport/txi.tsv, /app/out/salmon/sample1/quant.sf, /app/out/fastp/sample1.fastq, /app/out/fastp/sample1.json, /app/out/fastp/sample1.html
    jobid: 0
    reason: Input files updated by another job: /app/out/tximport/txi.tsv, /app/out/fastp/sample1.json, /app/out/report/report.html, /app/out/fastp/sample1.fastq, /app/out/deseq2/results.tsv, /app/out/salmon/sample1/quant.sf, /app/out/fastp/sample1.html
    resources: tmpdir=/tmp
[Sat Jan 31 05:12:23 2026]
Finished jobid: 0 (Rule: all)
7 of 7 steps (100%) done
Complete log(s): /app/.snakemake/log/2026-01-31T051221.666038.snakemake.log
