Assuming unrestricted shared filesystem usage.
host: c41d23b7df72
Building DAG of jobs...
Using shell: /usr/bin/bash
Provided cores: 4
Rules claiming more threads will be scaled down.
Job stats:
job         count
--------  -------
gentrome        1
total           1

Select jobs to execute...
Execute 1 jobs...
[Sat Jan 31 08:09:49 2026]
localrule gentrome:
    input: /input/refs/gencode_M38/gencode.vM38.transcripts.fa.gz, /input/refs/gencode_M38/GRCm39.genome.fa.gz
    output: /output/salmon/gentrome.fa.gz, /output/salmon/decoys.txt
    jobid: 0
    reason: Missing output files: /output/salmon/gentrome.fa.gz, /output/salmon/decoys.txt
    resources: tmpdir=/tmp
Shell command: None
Terminating processes on user request, this might take some time.
