Assuming unrestricted shared filesystem usage.
host: 15b7fc24956f
Building DAG of jobs...
Using shell: /usr/bin/bash
Provided cores: 4
Rules claiming more threads will be scaled down.
Job stats:
job             count
------------  -------
all                 1
deseq2              1
gentrome            1
report              1
salmon_index        1
salmon_quant        4
tximport            1
total              10

Select jobs to execute...
Execute 1 jobs...
[Sat Jan 31 08:05:20 2026]
localrule gentrome:
    input: /input/refs/gencode_M38/gencode.vM38.transcripts.fa.gz, /input/refs/gencode_M38/GRCm39.genome.fa.gz
    output: /output/salmon/gentrome.fa.gz, /output/salmon/decoys.txt
    jobid: 6
    reason: Forced execution
    resources: tmpdir=/tmp
Shell command: None
Terminating processes on user request, this might take some time.
